python : [2025-12-02 07:58:34] [ERROR] [RUN] Exception: [MODEL] Required detector 
initialization failed for enabled detectors: ['omr'] module=utils.logger
At line:1 char:1
+ python -m core.acm_main --equip FD_FAN --start-time "2024-06-01T00:00 ...
+ ~~~~~~~~~~~~~~~~~~~~~~~~~~~~~~~~~~~~~~~~~~~~~~~~~~~~~~~~~~~~~~~~~~~~~
    + CategoryInfo          : NotSpecified: ([2025-12-02 07:...le=utils.logger:String) [], Re 
   moteException
    + FullyQualifiedErrorId : NativeCommandError
 
Traceback (most recent call last):
  File "<frozen runpy>", line 198, in _run_module_as_main
  File "<frozen runpy>", line 88, in _run_code
  File "C:\Users\bhadk\Documents\ACM V8 SQL\ACM\core\acm_main.py", line 4374, in <module>
    main()
  File "C:\Users\bhadk\Documents\ACM V8 SQL\ACM\core\acm_main.py", line 1969, in main
    raise RuntimeError(f"[MODEL] Required detector initialization failed for enabled 
detectors: {required_detectors}")
RuntimeError: [MODEL] Required detector initialization failed for enabled detectors: ['omr']
[2025-12-02 07:58:33] [INFO] [CFG] Loaded config from SQL for equipment: FD_FAN module=utils.logger
[2025-12-02 07:58:33] [INFO] [CFG] Loaded config from SQL for FD_FAN (EquipID=1) module=utils.logger
[2025-12-02 07:58:33] [INFO] [CFG] Config deep-copied to prevent accidental mutations module=utils.logger
[2025-12-02 07:58:33] [INFO] [CFG] Config signature: 10a4e53093514fbb module=utils.logger
[2025-12-02 07:58:33] [INFO] [ACM] Inside Main Now module=utils.logger
[2025-12-02 07:58:33] [INFO] --- Starting ACM V5 for FD_FAN --- module=utils.logger
[2025-12-02 07:58:33] [INFO] [CFG] storage_backend=SQL_ONLY module=utils.logger
[2025-12-02 07:58:33] [INFO] [CFG] batch_mode=False  |  continuous_learning=True module=utils.logger
[2025-12-02 07:58:33] [INFO] [CFG] model_update_interval=1  |  threshold_update_interval=1 module=utils.logger
[2025-12-02 07:58:33] [INFO] [RUN] SQL-only mode: run_20251202_132833 module=utils.logger
[2025-12-02 07:58:33] [INFO] [RUN] Using equipment from CLI argument: FD_FAN module=utils.logger
[2025-12-02 07:58:33] [INFO] [DEBUG] Calling usp_ACM_StartRun (stage=score, tick=1440) module=utils.logger
[2025-12-02 07:58:33] [INFO] [RUN] Started RunID=C7B864B2-C6C4-4D7F-9D27-F5ABE124E2ED window=[2023-12-10 15:30:00,2023-12-11 15:30:00) equip='FD_FAN' EquipID=1 module=utils.logger
[2025-12-02 07:58:33] [INFO] [RUN] Overriding WindowStart from CLI: 2024-06-01 00:00:00 module=utils.logger
[2025-12-02 07:58:33] [INFO] [RUN] Overriding WindowEnd from CLI: 2024-06-02 00:00:00 module=utils.logger
[2025-12-02 07:58:33] [INFO] [LOG] SQL log sink attached module=acm_main
[2025-12-02 07:58:33] [INFO] [OUTPUT] Manager initialized (batch_size=5000, batching=ON, sql_cache=60.0s, io_workers=8, flush=1000 rows/30.0s, max_futures=50) module=utils.logger
[2025-12-02 07:58:33] [INFO] [OUTPUT] Diagnostic: SQL client attached and health check passed module=utils.logger
[2025-12-02 07:58:33] [INFO] [..] Loading data (read -> parse ts -> sort -> resample -> interpolate) ... module=utils.logger
[2025-12-02 07:58:33] [INFO] [DATA] Using baseline (train_csv): data/FD_FAN_BASELINE_DATA.csv module=utils.logger
[2025-12-02 07:58:33] [INFO] [DATA] Using batch (score_csv): data/FD_FAN_BATCH_DATA.csv module=utils.logger
[2025-12-02 07:58:33] [INFO] [COLDSTART] Detected data cadence: 1800.0 seconds (30.0 minutes) module=utils.logger
[2025-12-02 07:58:33] [INFO] [COLDSTART] Models exist for FD_FAN, coldstart not needed module=utils.logger
[2025-12-02 07:58:33] [INFO] [DATA] Loading from SQL historian: FD_FAN module=utils.logger
[2025-12-02 07:58:33] [INFO] [DATA] Time range: 2024-06-01 00:00:00 to 2024-06-02 00:00:00 module=utils.logger
[2025-12-02 07:58:33] [INFO] [..] Calling usp_ACM_GetHistorianData_TEMP ... module=utils.logger
[2025-12-02 07:58:33] [INFO] [DATA] Retrieved 49 rows from SQL historian module=utils.logger
[2025-12-02 07:58:33] [INFO] [OK] Calling usp_ACM_GetHistorianData_TEMP done in 0.01s module=utils.logger
[2025-12-02 07:58:33] [WARNING] [DATA] Timestamp column '' not found in SQL historian results; falling back to 'EntryDateTime'. module=utils.logger
[2025-12-02 07:58:33] [INFO] [..] Splitting train/score data ... module=utils.logger
[2025-12-02 07:58:33] [INFO] [DATA] BATCH MODE: All 49 rows allocated to scoring (baseline from cache) module=utils.logger
[2025-12-02 07:58:33] [INFO] [OK] Splitting train/score data done in 0.00s module=utils.logger
[2025-12-02 07:58:33] [INFO] [..] Parsing timestamps & indexing ... module=utils.logger
[2025-12-02 07:58:33] [INFO] [OK] Parsing timestamps & indexing done in 0.00s module=utils.logger
[2025-12-02 07:58:33] [WARNING] [DATA] Training data (0 rows) is below recommended minimum (200 rows) module=utils.logger
[2025-12-02 07:58:33] [INFO] [..] Selecting numeric sensor columns ... module=utils.logger
[2025-12-02 07:58:33] [INFO] [DATA] BATCH MODE: Train empty (will load from baseline_buffer), using all 9 score columns module=utils.logger
[2025-12-02 07:58:33] [INFO] [OK] Selecting numeric sensor columns done in 0.01s module=utils.logger
[2025-12-02 07:58:33] [INFO] [DATA] Kept 9 numeric columns, dropped 0 non-numeric module=utils.logger
[2025-12-02 07:58:33] [INFO] [..] Cadence check / resample / fill small gaps ... module=utils.logger
[2025-12-02 07:58:33] [INFO] [OK] Cadence check / resample / fill small gaps done in 0.00s module=utils.logger
[2025-12-02 07:58:33] [INFO] [DATA] SQL historian load complete: 0 train + 49 score = 49 total rows module=utils.logger
[2025-12-02 07:58:33] [INFO] [DATA] Index integrity verified: BASELINE=0 unique, BATCH=49 unique module=utils.logger
[2025-12-02 07:58:33] [INFO] [TIMER] load_data              0.062s module=utils.logger
[2025-12-02 07:58:33] [INFO] [OK] Loading data (read -> parse ts -> sort -> resample -> interpolate) done in 0.07s module=utils.logger
[2025-12-02 07:58:33] [INFO] [DATA] timestamp=EntryDateTime cadence_ok=True kept=9 drop=0 tz_stripped=0 future_drop=0 dup_removed=0 module=utils.logger
[2025-12-02 07:58:33] [INFO] [TIMER] shapes               train=(0, 9) score=(49, 9) module=utils.logger
[2025-12-02 07:58:33] [INFO] [BASELINE] Using adaptive baseline for TRAIN: score head (49 rows) module=utils.logger
[2025-12-02 07:58:33] [INFO] [TIMER] baseline.seed          0.004s module=utils.logger
[2025-12-02 07:58:33] [WARNING] [DATA] Batch window starts before or overlaps baseline end: batch_start=2024-06-01 00:00:00, baseline_end=2024-06-02 00:00:00 module=utils.logger
[2025-12-02 07:58:33] [WARNING] [DATA] Data quality summary skipped: 'sensor_name' module=utils.logger
[2025-12-02 07:58:33] [INFO] [TIMER] data.guardrails.data_quality   0.023s module=utils.logger
[2025-12-02 07:58:33] [INFO] [TIMER] data.guardrails        0.026s module=utils.logger
[2025-12-02 07:58:33] [INFO] [FEAT] Building features with window=16 (fast_features) module=utils.logger
[2025-12-02 07:58:33] [INFO] [FEAT] Computed 9 fill values from training data (prevents leakage) module=utils.logger
[2025-12-02 07:58:33] [INFO] [TIMER] features.compute_fill_values   0.002s module=utils.logger
[2025-12-02 07:58:33] [INFO] [FEAT] Using pandas for feature computation (98 rows <= 5,000 threshold) module=utils.logger
[2025-12-02 07:58:33] [INFO] [TIMER] feature_params       window=16 n_cols=9 n_rows=49 module=utils.logger
[2025-12-02 07:58:33] [INFO] [TIMER] fill_missing           0.002s module=utils.logger
[2025-12-02 07:58:33] [INFO] [TIMER] compute_basic_features   0.241s module=utils.logger
[2025-12-02 07:58:33] [INFO] [TIMER] features.compute_train   0.243s module=utils.logger
[2025-12-02 07:58:33] [INFO] [FEAT] Building score features (using train fill values)... module=utils.logger
[2025-12-02 07:58:33] [INFO] [TIMER] feature_params       window=16 n_cols=9 n_rows=49 module=utils.logger
[2025-12-02 07:58:33] [INFO] [TIMER] fill_missing           0.002s module=utils.logger
[2025-12-02 07:58:33] [INFO] [TIMER] compute_basic_features   0.238s module=utils.logger
[2025-12-02 07:58:33] [INFO] [TIMER] features.compute_score   0.241s module=utils.logger
[2025-12-02 07:58:33] [INFO] [TIMER] features.normalize     0.016s module=utils.logger
[2025-12-02 07:58:33] [INFO] [TIMER] shapes_post_features train=(49, 99) score=(49, 99) module=utils.logger
[2025-12-02 07:58:33] [INFO] [TIMER] features.build         0.507s module=utils.logger
[2025-12-02 07:58:33] [INFO] [FEAT] Imputing non-finite values in features using train medians module=utils.logger
[2025-12-02 07:58:33] [WARNING] [FEAT] Dropping 9 unusable feature columns (0 NaN, 9 low-variance) module=utils.logger
[2025-12-02 07:58:33] [WARNING] [FEAT] Dropped columns preview: ['DEMO.SIM.06T33-1_1FD Fan Winding Temperature_energy_0', 'DEMO.SIM.FSAB_1FD Fan Right Inlet Flow_energy_0', 'DEMO.SIM.06T34_1FD Fan Outlet Termperature_energy_0', 'DEMO.SIM.06I03_1FD Fan Motor Current_energy_0', 'DEMO.SIM.06GP34_1FD Fan Outlet Pressure_energy_0', 'DEMO.SIM.06T32-1_1FD Fan Bearing Temperature_energy_0', 'DEMO.SIM.06G31_1FD Fan Damper Position_energy_0', 'DEMO.SIM.06T31_1FD Fan Inlet Temperature_energy_0', 'DEMO.SIM.FSAA_1FD Fan Left Inlet Flow_energy_0'] module=utils.logger
[2025-12-02 07:58:33] [INFO] [FEAT] Logged 9 dropped features -> SQL:ACM_FeatureDropLog module=utils.logger
[2025-12-02 07:58:33] [INFO] [TIMER] features.log_drops     0.008s module=utils.logger
[2025-12-02 07:58:33] [INFO] [TIMER] features.impute        0.079s module=utils.logger
[2025-12-02 07:58:33] [INFO] [HASH] Stable hash computed: 4b1986a919e117e1 (shape=49x90) module=utils.logger
[2025-12-02 07:58:33] [INFO] [TIMER] features.hash          0.004s module=utils.logger
[2025-12-02 07:58:33] [INFO] [TIMER] models.refit_flag      0.002s module=utils.logger
[2025-12-02 07:58:33] [INFO] [MODEL-SQL] Loading models from SQL ModelRegistry v320... module=utils.logger
[2025-12-02 07:58:33] [INFO] [MODEL-SQL]   - Loaded ar1_params (7,167 bytes) module=utils.logger
[2025-12-02 07:58:33] [INFO] [MODEL-SQL]   - Loaded feature_medians (12,288 bytes) module=utils.logger
[2025-12-02 07:58:33] [INFO] [MODEL-SQL]   - Loaded gmm_model (9,680 bytes) module=utils.logger
[2025-12-02 07:58:34] [INFO] [MODEL-SQL]   - Loaded iforest_model (475,769 bytes) module=utils.logger
[2025-12-02 07:58:34] [INFO] [MODEL-SQL]   - Loaded mhal_params (65,826 bytes) module=utils.logger
[2025-12-02 07:58:34] [INFO] [MODEL-SQL]   - Loaded pca_model (5,375 bytes) module=utils.logger
[2025-12-02 07:58:34] [INFO] [MODEL-SQL] ? Loaded 6/6 models from SQL ModelRegistry v320 module=utils.logger
[2025-12-02 07:58:34] [INFO] [MODEL] ? Loaded from SQL successfully (SQL-only mode) module=utils.logger
[2025-12-02 07:58:34] [INFO] [TIMER] models.persistence.validate   0.000s module=utils.logger
[2025-12-02 07:58:34] [INFO] [MODEL] ? Using cached models from v320 module=utils.logger
[2025-12-02 07:58:34] [INFO] [MODEL] Cache created: None module=utils.logger
[2025-12-02 07:58:34] [INFO] [MODEL] Config signature: 10a4e53093514fbb... (unchanged) module=utils.logger
[2025-12-02 07:58:34] [INFO] [MODEL] Sensor count: 90 (matching cached) module=utils.logger
[2025-12-02 07:58:34] [INFO] [TIMER] models.persistence.load   0.078s module=utils.logger
[2025-12-02 07:58:34] [INFO] [REGIME_STATE] Loaded state v1 from SQL (EquipID=1) module=utils.logger
[2025-12-02 07:58:34] [WARNING] [REGIME] Failed to load cached regime state/model: name 'stable_models_dir' is not defined module=utils.logger
[2025-12-02 07:58:34] [INFO] [MODEL] Successfully loaded all models from cache module=utils.logger
[2025-12-02 07:58:34] [INFO] [TIMER] models.persistence.rebuild   0.001s module=utils.logger
[2025-12-02 07:58:34] [INFO] [RUN_META] Wrote run metadata to ACM_Runs: C7B864B2-C6C4-4D7F-9D27-F5ABE124E2ED module=utils.logger
[2025-12-02 07:58:34] [INFO] [RUN_META] Wrote run metadata to ACM_Runs for RunID=C7B864B2-C6C4-4D7F-9D27-F5ABE124E2ED (outcome=FAIL) module=utils.logger
[2025-12-02 07:58:34] [INFO] [RUN] Finalized RunID=C7B864B2-C6C4-4D7F-9D27-F5ABE124E2ED outcome=FAIL rows_in=0 rows_out=0 module=utils.logger
[2025-12-02 07:58:34] [INFO] [OUTPUT] Finalized: 0 files, 0 SQL ops, 0 total rows, 0.000s avg write time module=utils.logger
[2025-12-02 07:58:34] [INFO] [TIMER] -- Summary ------------------------------ module=utils.logger
[2025-12-02 07:58:34] [INFO] [TIMER] features.build         0.507s ( 57.0%) module=utils.logger
[2025-12-02 07:58:34] [INFO] [TIMER] features.compute_train   0.243s ( 27.3%) module=utils.logger
[2025-12-02 07:58:34] [INFO] [TIMER] features.compute_score   0.241s ( 27.1%) module=utils.logger
[2025-12-02 07:58:34] [INFO] [TIMER] features.impute        0.079s (  8.9%) module=utils.logger
[2025-12-02 07:58:34] [INFO] [TIMER] models.persistence.load   0.078s (  8.8%) module=utils.logger
[2025-12-02 07:58:34] [INFO] [TIMER] load_data              0.062s (  7.0%) module=utils.logger
[2025-12-02 07:58:34] [INFO] [TIMER] data.guardrails        0.026s (  2.9%) module=utils.logger
[2025-12-02 07:58:34] [INFO] [TIMER] data.guardrails.data_quality   0.023s (  2.6%) module=utils.logger
[2025-12-02 07:58:34] [INFO] [TIMER] features.normalize     0.016s (  1.8%) module=utils.logger
[2025-12-02 07:58:34] [INFO] [TIMER] features.log_drops     0.008s (  0.9%) module=utils.logger
[2025-12-02 07:58:34] [INFO] [TIMER] features.hash          0.004s (  0.5%) module=utils.logger
[2025-12-02 07:58:34] [INFO] [TIMER] baseline.seed          0.004s (  0.4%) module=utils.logger
[2025-12-02 07:58:34] [INFO] [TIMER] features.compute_fill_values   0.002s (  0.2%) module=utils.logger
[2025-12-02 07:58:34] [INFO] [TIMER] models.refit_flag      0.002s (  0.2%) module=utils.logger
[2025-12-02 07:58:34] [INFO] [TIMER] models.persistence.rebuild   0.001s (  0.1%) module=utils.logger
[2025-12-02 07:58:34] [INFO] [TIMER] models.persistence.validate   0.000s (  0.0%) module=utils.logger
[2025-12-02 07:58:34] [INFO] [TIMER] total_run              0.888s module=utils.logger
[2025-12-02 07:58:34] [INFO] [TIMER] -- Summary ------------------------------ module=utils.logger
[2025-12-02 07:58:34] [INFO] [TIMER] compute_basic_features   0.478s ( 53.1%) module=utils.logger
[2025-12-02 07:58:34] [INFO] [TIMER] fill_missing           0.004s (  0.4%) module=utils.logger
[2025-12-02 07:58:34] [INFO] [TIMER] total_run              0.901s module=utils.logger
