python : [OUTPUT] SQL insert failed for ACM_CalibrationSummary: ('42000', '[42000] [Microsoft][ODBC Driver 17 for SQL Server][SQL Server]The incoming tabular data stream (TDS) remote procedure call (RPC) 
protocol stream is incorrect. Parameter 8 (""): The supplied value is not a valid instance of data type float. Check the source data for invalid values. An example of an invalid value is data of numeric type 
with scale greater than precision. (8023) (SQLExecute)')
At line:1 char:1
+ python -m core.acm_main --equip FD_FAN --artifact-root artifacts > te ...
+ ~~~~~~~~~~~~~~~~~~~~~~~~~~~~~~~~~~~~~~~~~~~~~~~~~~~~~~~~~~~~~~~~~~~~~
    + CategoryInfo          : NotSpecified: ([OUTPUT] SQL in... (SQLExecute)'):String) [], RemoteException
    + FullyQualifiedErrorId : NativeCommandError
 
[OUTPUT] SQL insert failed for ACM_CulpritHistory: ('22018', '[22018] [Microsoft][ODBC Driver 17 for SQL Server]Invalid character value for cast specification (0) (SQLExecute)')
[CFG] Failed to load config from SQL: ('42S02', "[42S02] [Microsoft][ODBC Driver 17 for SQL Server][SQL Server]Invalid object name 'Equipments'. (208) (SQLExecDirectW); [42S02] [Microsoft][ODBC Driver 17 for SQL Server][SQL Server]Statement(s) could not be prepared. (8180)")
[CFG] Could not load config from SQL: ('42S02', "[42S02] [Microsoft][ODBC Driver 17 for SQL Server][SQL Server]Invalid object name 'Equipments'. (208) (SQLExecDirectW); [42S02] [Microsoft][ODBC Driver 17 for SQL Server][SQL Server]Statement(s) could not be prepared. (8180)")
[CFG] Loading config for FD_FAN (EquipID=1) from configs\config_table.csv
[CFG] Config signature: 3690b4d5f4c0074f
[CFG] Config deep-copied to prevent accidental mutations
[CFG] Config signature: 3690b4d5f4c0074f
[ACM] Inside Main Now
--- Starting ACM V5 for FD_FAN ---
[CFG] storage_backend=file  |  artifacts=artifacts
[RUN] Creating unique run directory: artifacts\FD_FAN\run_20251113_140800
[DUAL] Created SQL connection for dual-write mode, run_id=f5e27234-8661-4f1e-88e0-ed6df46794a3
[OUTPUT] Manager initialized (batch_size=5000, batching=ON, sql_cache=60.0s, io_workers=8, flush=1000 rows/30.0s, max_futures=50)
[..] Loading data (read -> parse ts -> sort -> resample -> interpolate) ...
[DATA] Using baseline (train_csv): data/FD_FAN_BASELINE_DATA.csv
[DATA] Using batch (score_csv): data/FD_FAN_BATCH_DATA.csv
[..] Reading CSVs (train & score) ...
[OK] Reading CSVs (train & score) done in 0.03s
[..] Parsing timestamps & indexing ...
[OK] Parsing timestamps & indexing done in 0.04s
[DATA] Dropped 4030 rows with invalid timestamps from TRAIN
[DATA] Dropped 2872 rows with invalid timestamps from SCORE
[..] Selecting numeric sensor columns ...
[OK] Selecting numeric sensor columns done in 0.00s
[..] Cadence check / resample / fill small gaps ...
[OK] Cadence check / resample / fill small gaps done in 0.00s
[DATA] Index integrity verified: BASELINE=6740 unique, BATCH=3869 unique
[TIMER] load_data              0.074s
[OK] Loading data (read -> parse ts -> sort -> resample -> interpolate) done in 0.07s
[DATA] timestamp=TS cadence_ok=True kept=9 drop=0 tz_stripped=0 future_drop=0 dup_removed=0
[TIMER] shapes               train=(6740, 9) score=(3869, 9)
[TIMER] baseline.seed          0.000s
[DATA] Batch window starts before or overlaps baseline end: batch_start=2012-12-31 18:00:00, baseline_end=2012-12-31 23:30:00
[DATA] Wrote data quality summary -> artifacts\FD_FAN\run_20251113_140800\tables\data_quality.csv (9 sensors)
[DATA] Wrote data quality counters -> artifacts\FD_FAN\run_20251113_140800\tables\data_quality_counters.csv
[TIMER] data.guardrails.data_quality   0.033s
[TIMER] data.guardrails        0.034s
[FEAT] Building features with window=16 (fast_features)
[FEAT] Computed 9 fill values from training data (prevents leakage)
[TIMER] features.compute_fill_values   0.001s
[TIMER] features.polars_convert   0.019s
[FEAT] Using Polars for feature computation (10,609 rows > 5,000 threshold)
[FEAT] Building train features...
[TIMER] compute_basic_features_pl   0.019s
[TIMER] compute_basic_features   0.026s
[TIMER] features.compute_train   0.026s
[FEAT] Building score features (using train fill values)...
[TIMER] compute_basic_features_pl   0.015s
[TIMER] compute_basic_features   0.017s
[TIMER] features.compute_score   0.017s
[TIMER] features.normalize     0.013s
[TIMER] shapes_post_features train=(6740, 72) score=(3869, 72)
[TIMER] features.build         0.077s
[FEAT] Imputing non-finite values in features using train medians
[TIMER] features.impute        0.049s
[HASH] Stable hash computed: 6204a846d2610f3e (shape=6740x72)
[TIMER] features.hash          0.009s
[MODEL] Refit requested by quality policy; bypassing cache this run
[TIMER] models.refit_flag      0.001s
[TIMER] data.equip_id_infer    0.000s
[REGIME] No cached regime model found at artifacts\FD_FAN\models\regime_model.joblib
[..] Fitting heads (AR1, Correlation, Outliers) ...
WARNING: [AR1] Column 'DEMO.SIM.06T31_1FD Fan Inlet Temperature_med': phi=0.999 clamped to 0.999 for stability
WARNING: [AR1] Column 'DEMO.SIM.06T31_1FD Fan Inlet Temperature_mean': phi=1.000 clamped to 0.999 for stability
WARNING: [AR1] Column 'DEMO.SIM.06T32-1_1FD Fan Bearing Temperature_mean': phi=1.000 clamped to 0.999 for stability
WARNING: [AR1] Column 'DEMO.SIM.06T32-1_1FD Fan Bearing Temperature_std': phi=1.005 clamped to 0.999 for stability
WARNING: [AR1] Column 'DEMO.SIM.06T33-1_1FD Fan Winding Temperature_mean': phi=0.999 clamped to 0.999 for stability
WARNING: [AR1] Column 'DEMO.SIM.FSAA_1FD Fan Left Inlet Flow_mean': phi=0.999 clamped to 0.999 for stability
[TIMER] fit.ar1                0.015s
[PCA] Subspace detector fitted with 5 components.
[PCA] Cached train scores: SPE=6740 samples, T┬▓=6740 samples
[TIMER] fit.pca_subspace       0.133s
[MHAL] Using regularization: 0.001
[MHAL] CRITICAL condition number (4.80e+30) detected. Auto-increasing regularization: 1.00e-03 -> 1.00e-02
[MHAL] After re-regularization: cond_num=1.65e+30
[TIMER] fit.mhal               0.017s
[TIMER] fit.iforest            0.242s
[..] - Fitting heads (AR1, Correlation, Outliers) | ~6s left | next: score heads
[GMM] BIC search selected k=3
[..] \ Fitting heads (AR1, Correlation, Outliers) | ~4s left | next: score heads
[GMM] Fitted k=3, cov=diag, reg=0.001
[TIMER] fit.gmm                3.780s
[OMR] Fitted PLS model: 6740 samples, 72 features, 5 components, std=2.436
[TIMER] fit.omr                0.106s
[OK] Fitting heads (AR1, Correlation, Outliers) done in 4.30s
[ADAPTIVE] Checking model health...
[ADAPTIVE] [TUNE] Mahalanobis needs tuning: 0.01 -> 0.1
[ADAPTIVE] Writing 1 parameter adjustment(s) to config...
 Updated models.mahl.regularization: 0.01 -> 0.1
[ADAPTIVE] Config updated: configs\config_table.csv
[ADAPTIVE] Rerun ACM to apply new parameters (current run continues with old params)
[REGIME] PCA variance coverage 0.424 below target 0.850.
[..] Scoring heads (AR1, Correlation, Outliers) ...
[TIMER] score.ar1              0.010s
[TIMER] score.pca_subspace     0.017s
[TIMER] score.mhal             0.016s
[TIMER] score.iforest          0.026s
[TIMER] score.gmm              0.008s
[TIMER] score.omr              0.022s
[OK] Scoring heads (AR1, Correlation, Outliers) done in 0.10s
[REGIME] Config validation: Missing config value for regimes.auto_k.k_min (Minimum clusters)
[REGIME] Config validation: Missing config value for regimes.auto_k.k_max (Maximum clusters)
[REGIME] Config validation: Missing config value for regimes.quality.silhouette_min (Minimum silhouette score)
[REGIME] Config validation: Missing config value for regimes.auto_k.max_eval_samples (Max samples for auto-k evaluation)
[REGIME] Auto-k selection complete: k=2, metric=silhouette, score=1.000.
[REGIME] Silhouette sweep: k=2: 1.000, k=3: -0.015, k=4: 0.005, k=5: -0.029, k=6: -0.012
[TIMER] regimes.label          1.515s
[TIMER] models.persistence.metadata   0.019s
[MODEL] Saving models to version v17
[MODEL]   - Saved ar1_params.joblib
[MODEL]   - Saved pca_model.joblib
[MODEL]   - Saved iforest_model.joblib
[MODEL]   - Saved gmm_model.joblib
[MODEL]   - Saved omr_model.joblib
[MODEL]   - Saved mhal_params.joblib
[MODEL] Skipping None model: regime_model
[MODEL]   - Saved feature_medians.joblib
[MODEL] Saved 7 models to v17
[MODEL] Manifest: artifacts\FD_FAN\models\v17\manifest.json
[MODEL] Saved all trained models to version v17
[TIMER] models.persistence.save   0.097s
[CAL] Scoring TRAIN data for calibration baseline...
[CAL] Using cached PCA train scores (optimization)
[CAL] Self-tuning enabled. Target FP rate 0.100% -> q=0.9950, threshold=1.7592
[CAL] Self-tuning enabled. Target FP rate 0.100% -> q=0.9950, threshold=153.5513
[CAL] Self-tuning enabled. Target FP rate 0.100% -> q=0.9950, threshold=19.4642
[CAL] Self-tuning enabled. Target FP rate 0.100% -> q=0.9950, threshold=116.8747
[CAL] Self-tuning enabled. Target FP rate 0.100% -> q=0.9950, threshold=0.5426
[CAL] Self-tuning enabled. Target FP rate 0.100% -> q=0.9950, threshold=210.2236
[CAL] Self-tuning enabled. Target FP rate 0.100% -> q=0.9950, threshold=6.3827
[CAL] Adaptive clip_z=100.00 (TRAIN P99 max=10.00)
[CAL] Self-tuning enabled. Target FP rate 0.100% -> q=0.9950, threshold=1.7592
[CAL] Self-tuning enabled. Target FP rate 0.100% -> q=0.9950, threshold=153.5513
[CAL] Self-tuning enabled. Target FP rate 0.100% -> q=0.9950, threshold=19.4642
[CAL] Self-tuning enabled. Target FP rate 0.100% -> q=0.9950, threshold=116.8747
[CAL] Self-tuning enabled. Target FP rate 0.100% -> q=0.9950, threshold=0.5426
[CAL] Self-tuning enabled. Target FP rate 0.100% -> q=0.9950, threshold=210.2236
[CAL] Self-tuning enabled. Target FP rate 0.100% -> q=0.9950, threshold=6.3827
[CAL] Wrote thresholds table with 7 rows -> acm_thresholds.csv
[TIMER] calibrate              0.132s
[FUSE] Ignoring missing streams: ['river_hst_z']; available=['ar1_z', 'gmm_z', 'iforest_z', 'mhal_z', 'omr_z', 'pca_spe_z', 'pca_t2_z']
[FUSE] Dynamic normalization: 1 detector(s) absent, renormalized 7 weights
[TUNE] Loaded previous weights from weight_tuning.json
[TUNE] Warm-start blending: warm_start_lr=0.70
[FUSE] Auto-tuned CUSUM parameters (source=fused):
  k_sigma: 4.000 -> 0.721 (std=0.902)
  h_sigma: 12.000 -> 2.512 (p50=-0.438, p95=1.655)
[TUNE] mhal_z: all same sign - limited separability
[TUNE] Detector weight auto-tuning (episode_separability):
  ar1_z          : 0.176 -> 0.166 (Delta-0.010, no_labels=0.000)
  gmm_z          : 0.117 -> 0.124 (Delta+0.007, no_labels=0.000)
  iforest_z      : 0.176 -> 0.166 (Delta-0.010, no_labels=0.000)
  mhal_z         : 0.180 -> 0.171 (Delta-0.009, prior_only=0.000)
  omr_z          : 0.117 -> 0.124 (Delta+0.007, no_labels=0.000)
  pca_spe_z      : 0.176 -> 0.166 (Delta-0.010, no_labels=0.000)
  pca_t2_z       : 0.058 -> 0.083 (Delta+0.025, no_labels=0.000)
[TUNE] Using auto-tuned weights for final fusion
[TUNE] Saved tuning diagnostics -> artifacts\FD_FAN\run_20251113_140800\tables\weight_tuning.json
[TUNE] Saved fusion metrics -> artifacts\FD_FAN\run_20251113_140800\tables\fusion_metrics.csv
[TIMER] fusion.auto_tune       0.076s
[FUSE] Auto-tuned CUSUM parameters (source=fused):
  k_sigma: 4.000 -> 0.724 (std=0.905)
  h_sigma: 12.000 -> 2.516 (p50=-0.445, p95=1.652)
[TIMER] fusion                 0.106s
[REGIME] Per-regime thresholds disabled (quality low).
[TRANSIENT] State distribution: {'steady': 2773, 'trip': 742, 'transient': 342, 'startup': 8, 'shutdown': 4}
[TRANSIENT] Distribution: {'steady': 2773, 'trip': 742, 'transient': 342, 'startup': 8, 'shutdown': 4}
[TIMER] regimes.transient_detection   0.428s
[REGIME] Clustering quality below threshold; per-regime thresholds disabled.
[AUTO-TUNE] Quality degradation detected: Anomaly rate too high, Silhouette score too low
[AUTO-TUNE] k_sigma already increased recently, skipping change
[AUTO-TUNE] k_max already at configured ceiling, no change applied
[AUTO-TUNE] No automatic parameter adjustments available
[MODEL] Refit flag written atomically -> artifacts\FD_FAN\models\refit_requested.flag
[TIMER] drift                  0.005s
[DRIFT] Multi-feature: cusum_z P95=1.619, trend=0.0011, fused_P95=1.652, regime_vol=0.000 -> FAULT
[BASELINE] Updated rolling baseline buffer -> artifacts\FD_FAN\models\baseline_buffer.csv rows=145 cols=9
[TIMER] sensor.context         0.006s
[OUTPUT] SQL insert to ACM_Scores_Wide: 3869 rows
[ART] artifacts\FD_FAN\run_20251113_140800\schema.json
[TIMER] persist.write_scores   0.346s
[OUTPUT] Auto-flushing batch (rows=3888, age=7.3s)
[TIMER] persist.write_score_stream   0.130s
[REGIME] Saved regime models (KMeans+Scaler) -> artifacts\FD_FAN\run_20251113_140800\models\regime_model.joblib
[REGIME] Saved regime metadata -> artifacts\FD_FAN\run_20251113_140800\models\regime_model.json
[REGIME] Skipping stable regime cache update because quality_ok=False
[TIMER] persist.regime_model   0.003s
[OUTPUT] Auto-flushing batch (rows=3869, age=0.1s)
[EPISODES] Generated severity mapping: artifacts\FD_FAN\run_20251113_140800\tables\episodes_severity_mapping.json
[TIMER] persist.write_episodes   0.004s
[ART] artifacts\FD_FAN\run_20251113_140800\culprits.jsonl
[TIMER] persist.write_culprits   0.001s
[TIMER] persist.write_runlog   0.000s
[TIMER] persist                0.485s
[OK] rows=3869 heads=ar1_z,pca_spe_z,pca_t2_z,mhal_z,iforest_z,gmm_z,omr_z,cusum_z episodes=6
[ART] artifacts\FD_FAN\run_20251113_140800\scores.csv
[ART] artifacts\FD_FAN\run_20251113_140800\episodes.csv
[ANALYTICS] Generating comprehensive analytics tables...
[ANALYTICS] Generating comprehensive analytics tables...
[OUTPUT] Starting batched transaction
[OUTPUT] SQL insert to ACM_DetectorCorrelation: 28 rows
[OUTPUT] SQL write failed for ACM_CalibrationSummary, file fallback succeeded: ('42000', '[42000] [Microsoft][ODBC Driver 17 for SQL Server][SQL Server]The incoming tabular data stream (TDS) remote procedure call (RPC) protocol stream is incorrect. Parameter 8 (""): The supplied value is not a valid instance of data type float. Check the source data for invalid values. An example of an invalid value is data of numeric type with scale greater than precision. (8023) (SQLExecute)')
[OUTPUT] Auto-flushing batch (rows=278610, age=4.2s)
[ANALYTICS] Writing Tier-A regime tables...
[OUTPUT] SQL insert to ACM_RegimeOccupancy: 2 rows
[OUTPUT] SQL insert to ACM_RegimeTransitions: 2 rows
[OUTPUT] SQL insert to ACM_RegimeDwellStats: 2 rows
[ANALYTICS] Writing Tier-C fused-dependent tables...
[OUTPUT] SQL insert to ACM_HealthTimeline: 3869 rows
[OUTPUT] Auto-flushing batch (rows=3885, age=2.5s)
[OUTPUT] Auto-flushing batch (rows=1936, age=0.1s)
[OUTPUT] SQL insert to ACM_RegimeTimeline: 3869 rows
[OUTPUT] Auto-flushing batch (rows=3869, age=0.2s)
[OUTPUT] Auto-flushing batch (rows=3869, age=0.0s)
[OUTPUT] SQL insert to ACM_ContributionCurrent: 8 rows
[OUTPUT] SQL insert to ACM_ContributionTimeline: 4424 rows
[OUTPUT] Auto-flushing batch (rows=4434, age=0.2s)
[OUTPUT] SQL insert to ACM_DriftSeries: 3869 rows
[OUTPUT] Auto-flushing batch (rows=3869, age=0.1s)
[OUTPUT] SQL insert to ACM_ThresholdCrossings: 5 rows
[OUTPUT] SQL insert to ACM_SinceWhen: 1 rows
[OUTPUT] SQL insert to ACM_SensorRanking: 8 rows
[OUTPUT] SQL insert to ACM_HealthHistogram: 10 rows
[OUTPUT] SQL insert to ACM_AlertAge: 3 rows
[OUTPUT] SQL insert to ACM_RegimeStability: 4 rows
[OUTPUT] SQL insert to ACM_DefectSummary: 1 rows
[OUTPUT] SQL insert to ACM_DefectTimeline: 662 rows
[OUTPUT] SQL insert to ACM_SensorDefects: 8 rows
[OUTPUT] SQL insert to ACM_HealthZoneByPeriod: 246 rows
[OUTPUT] Auto-flushing batch (rows=1116, age=0.6s)
[OUTPUT] SQL insert to ACM_SensorAnomalyByPeriod: 656 rows
[OUTPUT] SQL insert to ACM_SensorHotspots: 9 rows
[OUTPUT] SQL insert to ACM_SensorHotspotTimeline: 6368 rows
[OUTPUT] Auto-flushing batch (rows=7033, age=2.6s)
[SCHEMA] ACM_CulpritHistory: applied defaults {'Culprits': 'added'}
[OUTPUT] SQL write failed for ACM_CulpritHistory, file fallback succeeded: ('22018', '[22018] [Microsoft][ODBC Driver 17 for SQL Server]Invalid character value for cast specification (0) (SQLExecute)')
[OUTPUT] SQL insert to ACM_EpisodeMetrics: 1 rows
[OUTPUT] SQL write failed for ACM_EpisodeDiagnostics, file fallback succeeded: Invalid table name: ACM_EpisodeDiagnostics
[OUTPUT] SQL insert to ACM_Episodes: 1 rows
[OUTPUT] SQL write failed for ACM_DataQuality, file fallback succeeded: Invalid table name: ACM_DataQuality
[ANALYTICS] Generated schema descriptor: artifacts\FD_FAN\run_20251113_140800\tables\schema_descriptor.json
[ANALYTICS] Generated 34 comprehensive analytics tables
[ANALYTICS] Written 24 tables to SQL database
[OUTPUT] Called sql_client.conn.commit()
[OUTPUT] Batched transaction committed (11.12s)
[ANALYTICS] Successfully generated all comprehensive analytics tables
[TIMER] outputs.comprehensive_analytics  11.130s
[OUTPUTS] Generated 23 analytics tables via OutputManager
[OUTPUTS] Tables: artifacts\FD_FAN\run_20251113_140800\tables
[FORECAST] Generating forecast with uncertainty bands...
[FORECAST] Generated 3 forecast tables and 1 plots
[FORECAST] Series: fused, phi=0.982, Horizon: 48 (24.0h)
[TIMER] outputs.forecast       0.275s
[CHARTS] OMR chart generation failed: No module named 'seaborn'
[CHARTS] Chart summary: 5 rendered, 0 skipped
[CHARTS] Generated 5/5 chart(s) in artifacts\FD_FAN\run_20251113_140800\charts
[OUTPUTS] Charts: artifacts\FD_FAN\run_20251113_140800\charts (12 files)
[TIMER] outputs.charts         2.593s
[META] Written run metadata to artifacts\FD_FAN\run_20251113_140800\meta.json
[TIMER] -- Summary ------------------------------
[TIMER] outputs.comprehensive_analytics  11.130s ( 51.6%)
[TIMER] fit.gmm                3.780s ( 17.5%)
[TIMER] outputs.charts         2.593s ( 12.0%)
[TIMER] regimes.label          1.515s (  7.0%)
[TIMER] persist                0.485s (  2.2%)
[TIMER] regimes.transient_detection   0.428s (  2.0%)
[TIMER] persist.write_scores   0.346s (  1.6%)
[TIMER] outputs.forecast       0.275s (  1.3%)
[TIMER] fit.iforest            0.242s (  1.1%)
[TIMER] fit.pca_subspace       0.133s (  0.6%)
[TIMER] calibrate              0.132s (  0.6%)
[TIMER] persist.write_score_stream   0.130s (  0.6%)
[TIMER] fit.omr                0.106s (  0.5%)
[TIMER] fusion                 0.106s (  0.5%)
[TIMER] models.persistence.save   0.097s (  0.5%)
[TIMER] features.build         0.077s (  0.4%)
[TIMER] fusion.auto_tune       0.076s (  0.4%)
[TIMER] load_data              0.074s (  0.3%)
[TIMER] features.impute        0.049s (  0.2%)
[TIMER] data.guardrails        0.034s (  0.2%)
[TIMER] data.guardrails.data_quality   0.033s (  0.2%)
[TIMER] score.iforest          0.026s (  0.1%)
[TIMER] features.compute_train   0.026s (  0.1%)
[TIMER] score.omr              0.022s (  0.1%)
[TIMER] models.persistence.metadata   0.019s (  0.1%)
[TIMER] features.polars_convert   0.019s (  0.1%)
[TIMER] features.compute_score   0.017s (  0.1%)
[TIMER] score.pca_subspace     0.017s (  0.1%)
[TIMER] fit.mhal               0.017s (  0.1%)
[TIMER] score.mhal             0.016s (  0.1%)
[TIMER] fit.ar1                0.015s (  0.1%)
[TIMER] features.normalize     0.013s (  0.1%)
[TIMER] score.ar1              0.010s (  0.0%)
[TIMER] features.hash          0.009s (  0.0%)
[TIMER] score.gmm              0.008s (  0.0%)
[TIMER] sensor.context         0.006s (  0.0%)
[TIMER] drift                  0.005s (  0.0%)
[TIMER] persist.write_episodes   0.004s (  0.0%)
[TIMER] persist.regime_model   0.003s (  0.0%)
[TIMER] features.compute_fill_values   0.001s (  0.0%)
[TIMER] persist.write_culprits   0.001s (  0.0%)
[TIMER] models.refit_flag      0.001s (  0.0%)
[TIMER] persist.write_runlog   0.000s (  0.0%)
[TIMER] baseline.seed          0.000s (  0.0%)
[TIMER] data.equip_id_infer    0.000s (  0.0%)
[TIMER] total_run             21.565s
[TIMER] -- Summary ------------------------------
[TIMER] compute_basic_features   0.043s (  0.2%)
[TIMER] compute_basic_features_pl   0.034s (  0.2%)
[TIMER] total_run             21.597s
